module x;

public type X = unit {};

public type E = enum {};
