module foo;

%byte-order = "foo";

type X = unit {
    %mime-type = "foo/bar";
};
