function f() {
    if (True)
        1;
    else if (False)
        2;
    else
        2;
}

function f() {
    if (True) {
        1;
    } else if (False) {
        2;
    } else {
        3;
    }
}

function f() {
    return;
}
